2026-05-17 03:01:19 [INFO] Extracting compressed files in: /tmp/tmp2bt9u8r5/repo
2026-05-17 03:01:20 [INFO] make uncompress produced 1 gds/*.gds file(s): user_project_wrapper.gds (make exit 0)
2026-05-17 03:01:20 [INFO] Project type: digital
2026-05-17 03:01:21 [INFO] GDS hash (user_project_wrapper): 7b5df895148cc6f885982efe56e12fbbf62ba45f
2026-05-17 03:01:21 [INFO] Tools: KLayout v0.29.2 | Magic v8.3.471
2026-05-17 03:01:21 [INFO] PDK: SKY130A unknown
2026-05-17 03:01:21 [INFO] Running 13 checks: [topcell_check, gpio_defines, xor, klayout_feol, klayout_beol, klayout_offgrid, klayout_met_min_ca_density, klayout_pin_label_purposes_overlapping_drawing, klayout_zeroarea, spike_check, illegal_cellname_check, lvs, oeb]
2026-05-17 03:01:25 [INFO] Single top cell 'user_project_wrapper' found
2026-05-17 03:01:25 [WARNING] User defines file /tmp/tmp2bt9u8r5/repo/verilog/rtl/user_defines.v not readable
2026-05-17 03:01:25 [ERROR] GPIO defines check failed due to 1 error(s)
2026-05-17 03:03:02 [INFO] Total XOR differences: 798
2026-05-17 03:03:02 [INFO] Running: klayout -b -r /usr/local/lib/python3.9/site-packages/cf_precheck/drc_scripts/sky130A_mr.drc -rd input=/tmp/tmp2bt9u8r5/repo/gds/user_project_wrapper.gds -rd topcell=user_project_wrapper -rd report=/tmp/tmp2bt9u8r5/repo/precheck_results/17_MAY_2026___03_01_19/outputs/reports/klayout_feol_check.xml -rd thr=2 -rd feol=true
2026-05-17 03:15:18 [INFO] No DRC violations found
2026-05-17 03:15:18 [INFO] Running: klayout -b -r /usr/local/lib/python3.9/site-packages/cf_precheck/drc_scripts/sky130A_mr.drc -rd input=/tmp/tmp2bt9u8r5/repo/gds/user_project_wrapper.gds -rd topcell=user_project_wrapper -rd report=/tmp/tmp2bt9u8r5/repo/precheck_results/17_MAY_2026___03_01_19/outputs/reports/klayout_beol_check.xml -rd thr=2 -rd beol=true
2026-05-17 03:28:41 [ERROR] klayout_beol failed (stat=-9), see /tmp/tmp2bt9u8r5/repo/precheck_results/17_MAY_2026___03_01_19/logs/klayout_beol_check.log
2026-05-17 03:28:41 [INFO] Running: klayout -b -r /usr/local/lib/python3.9/site-packages/cf_precheck/drc_scripts/sky130A_mr.drc -rd input=/tmp/tmp2bt9u8r5/repo/gds/user_project_wrapper.gds -rd topcell=user_project_wrapper -rd report=/tmp/tmp2bt9u8r5/repo/precheck_results/17_MAY_2026___03_01_19/outputs/reports/klayout_offgrid_check.xml -rd thr=2 -rd offgrid=true
2026-05-17 03:36:07 [INFO] No DRC violations found
2026-05-17 03:36:07 [INFO] Running: klayout -b -r /usr/local/lib/python3.9/site-packages/cf_precheck/drc_scripts/met_min_ca_density.lydrc -rd input=/tmp/tmp2bt9u8r5/repo/gds/user_project_wrapper.gds -rd topcell=user_project_wrapper -rd report=/tmp/tmp2bt9u8r5/repo/precheck_results/17_MAY_2026___03_01_19/outputs/reports/klayout_met_min_ca_density_check.xml -rd thr=2
2026-05-17 03:38:09 [INFO] No DRC violations found
2026-05-17 03:38:09 [INFO] Running: klayout -b -r /usr/local/lib/python3.9/site-packages/cf_precheck/drc_scripts/pin_label_purposes_overlapping_drawing.rb.drc -rd input=/tmp/tmp2bt9u8r5/repo/gds/user_project_wrapper.gds -rd topcell=user_project_wrapper -rd report=/tmp/tmp2bt9u8r5/repo/precheck_results/17_MAY_2026___03_01_19/outputs/reports/klayout_pin_label_purposes_overlapping_drawing_check.xml -rd thr=2 -rd top_cell_name=user_project_wrapper
2026-05-17 03:39:30 [INFO] No DRC violations found
2026-05-17 03:39:30 [INFO] Running: klayout -b -r /usr/local/lib/python3.9/site-packages/cf_precheck/drc_scripts/zeroarea.rb.drc -rd input=/tmp/tmp2bt9u8r5/repo/gds/user_project_wrapper.gds -rd topcell=user_project_wrapper -rd report=/tmp/tmp2bt9u8r5/repo/precheck_results/17_MAY_2026___03_01_19/outputs/reports/klayout_zeroarea_check.xml -rd thr=2 -rd cleaned_output=/tmp/tmp2bt9u8r5/repo/precheck_results/17_MAY_2026___03_01_19/outputs/user_project_wrapper_no_zero_areas.gds
2026-05-17 03:39:50 [INFO] No DRC violations found
2026-05-17 03:39:50 [INFO] Running: bash /usr/local/lib/python3.9/site-packages/cf_precheck/drc_scripts/gdsArea0 -V -m /tmp/tmp2bt9u8r5/repo/precheck_results/17_MAY_2026___03_01_19/outputs/reports/spike_check.xml /tmp/tmp2bt9u8r5/repo/gds/user_project_wrapper.gds
2026-05-17 03:40:08 [INFO] No spikes found
2026-05-17 03:40:12 [ERROR] LVS FAILED: could not find LVS configuration file /tmp/tmp2bt9u8r5/repo/lvs/user_project_wrapper/lvs_config.json
2026-05-17 03:40:12 [ERROR] OEB FAILED: could not find LVS configuration file /tmp/tmp2bt9u8r5/repo/lvs/user_project_wrapper/lvs_config.json
