"polygons" in: met_min_ca_density.lydrc:35
    Polygons (raw): 5281330 (flat)  137642 (hierarchical)
    Elapsed: 0.480s  Memory: 1401.00M
"polygons" in: met_min_ca_density.lydrc:36
    Polygons (raw): 16007577 (flat)  137015 (hierarchical)
    Elapsed: 0.350s  Memory: 1407.00M
"polygons" in: met_min_ca_density.lydrc:38
    Polygons (raw): 4631792 (flat)  522909 (hierarchical)
    Elapsed: 0.790s  Memory: 1407.00M
"polygons" in: met_min_ca_density.lydrc:39
    Polygons (raw): 247659 (flat)  247659 (hierarchical)
    Elapsed: 0.530s  Memory: 1419.00M
"polygons" in: met_min_ca_density.lydrc:41
    Polygons (raw): 244541 (flat)  244541 (hierarchical)
    Elapsed: 0.510s  Memory: 1419.00M
"polygons" in: met_min_ca_density.lydrc:42
    Polygons (raw): 99522 (flat)  99522 (hierarchical)
    Elapsed: 0.390s  Memory: 1419.00M
"polygons" in: met_min_ca_density.lydrc:44
    Polygons (raw): 31751 (flat)  31751 (hierarchical)
    Elapsed: 0.310s  Memory: 1419.00M
"polygons" in: met_min_ca_density.lydrc:45
    Polygons (raw): 97952 (flat)  97952 (hierarchical)
    Elapsed: 0.390s  Memory: 1419.00M
"polygons" in: met_min_ca_density.lydrc:47
    Polygons (raw): 994 (flat)  994 (hierarchical)
    Elapsed: 0.280s  Memory: 1419.00M
"polygons" in: met_min_ca_density.lydrc:48
    Polygons (raw): 0 (flat)  0 (hierarchical)
    Elapsed: 0.030s  Memory: 1419.00M
"polygons" in: met_min_ca_density.lydrc:49
    Polygons (raw): 874 (flat)  874 (hierarchical)
    Elapsed: 0.290s  Memory: 1419.00M
"polygons" in: met_min_ca_density.lydrc:51
    Polygons (raw): 92 (flat)  92 (hierarchical)
    Elapsed: 0.300s  Memory: 1419.00M
"input" in: met_min_ca_density.lydrc:53
    Polygons (raw): 1 (flat)  1 (hierarchical)
    Elapsed: 0.290s  Memory: 1419.00M
"area" in: met_min_ca_density.lydrc:55
    Elapsed: 0.420s  Memory: 1437.00M
"polygons" in: met_min_ca_density.lydrc:59
    Polygons (raw): 5281330 (flat)  137642 (hierarchical)
    Elapsed: 0.360s  Memory: 1437.00M
"area" in: met_min_ca_density.lydrc:59
    Elapsed: 46.310s  Memory: 2067.00M
li1_ca_density is 0.5042108393179574
"polygons" in: met_min_ca_density.lydrc:69
    Polygons (raw): 4631792 (flat)  522909 (hierarchical)
    Elapsed: 0.700s  Memory: 2067.00M
"area" in: met_min_ca_density.lydrc:69
    Elapsed: 42.770s  Memory: 2151.00M
m1_ca_density is 0.8165509680276928
"polygons" in: met_min_ca_density.lydrc:79
    Polygons (raw): 244541 (flat)  244541 (hierarchical)
    Elapsed: 0.510s  Memory: 2151.00M
"area" in: met_min_ca_density.lydrc:79
    Elapsed: 1.660s  Memory: 2151.00M
m2_ca_density is 0.9885425195674511
"polygons" in: met_min_ca_density.lydrc:89
    Polygons (raw): 31751 (flat)  31751 (hierarchical)
    Elapsed: 0.340s  Memory: 2151.00M
"area" in: met_min_ca_density.lydrc:89
    Elapsed: 0.620s  Memory: 2151.00M
m3_ca_density is 0.99799676837036
"polygons" in: met_min_ca_density.lydrc:99
    Polygons (raw): 994 (flat)  994 (hierarchical)
    Elapsed: 0.320s  Memory: 2151.00M
"area" in: met_min_ca_density.lydrc:99
    Elapsed: 0.410s  Memory: 2151.00M
m4_ca_density is 0.977522691372465
"polygons" in: met_min_ca_density.lydrc:109
    Polygons (raw): 92 (flat)  92 (hierarchical)
    Elapsed: 0.310s  Memory: 2151.00M
"area" in: met_min_ca_density.lydrc:109
    Elapsed: 0.400s  Memory: 2151.00M
m5_ca_density is 0.9790802813164011
Writing report database: /tmp/tmpu3k9dil2/repo/precheck_results/17_MAY_2026___01_26_38/outputs/reports/klayout_met_min_ca_density_check.xml ..
Total elapsed: 109.660s  Memory: 2001.00M
