2026-05-17 01:26:38 [INFO] Extracting compressed files in: /tmp/tmpu3k9dil2/repo
2026-05-17 01:26:39 [INFO] make uncompress produced 1 gds/*.gds file(s): user_project_wrapper.gds (make exit 0)
2026-05-17 01:26:39 [INFO] Project type: digital
2026-05-17 01:26:39 [INFO] GDS hash (user_project_wrapper): 53e0ef45e73dc3f3add8fb31355573bd11b4c0ed
2026-05-17 01:26:39 [INFO] Tools: KLayout v0.29.2 | Magic v8.3.471
2026-05-17 01:26:39 [INFO] PDK: SKY130A unknown
2026-05-17 01:26:39 [INFO] Running 13 checks: [topcell_check, gpio_defines, xor, klayout_feol, klayout_beol, klayout_offgrid, klayout_met_min_ca_density, klayout_pin_label_purposes_overlapping_drawing, klayout_zeroarea, spike_check, illegal_cellname_check, lvs, oeb]
2026-05-17 01:26:44 [INFO] Single top cell 'systolic_array_user_project' found
2026-05-17 01:26:44 [WARNING] User defines file /tmp/tmpu3k9dil2/repo/verilog/rtl/user_defines.v not readable
2026-05-17 01:26:44 [ERROR] GPIO defines check failed due to 1 error(s)
2026-05-17 01:26:51 [ERROR] Top cell name user_project_wrapper not found
2026-05-17 01:26:51 [INFO] Running: klayout -b -r /usr/local/lib/python3.9/site-packages/cf_precheck/drc_scripts/sky130A_mr.drc -rd input=/tmp/tmpu3k9dil2/repo/gds/user_project_wrapper.gds -rd topcell=user_project_wrapper -rd report=/tmp/tmpu3k9dil2/repo/precheck_results/17_MAY_2026___01_26_38/outputs/reports/klayout_feol_check.xml -rd thr=2 -rd feol=true
2026-05-17 01:38:35 [INFO] No DRC violations found
2026-05-17 01:38:35 [INFO] Running: klayout -b -r /usr/local/lib/python3.9/site-packages/cf_precheck/drc_scripts/sky130A_mr.drc -rd input=/tmp/tmpu3k9dil2/repo/gds/user_project_wrapper.gds -rd topcell=user_project_wrapper -rd report=/tmp/tmpu3k9dil2/repo/precheck_results/17_MAY_2026___01_26_38/outputs/reports/klayout_beol_check.xml -rd thr=2 -rd beol=true
2026-05-17 01:56:34 [ERROR] klayout_beol failed (stat=-9), see /tmp/tmpu3k9dil2/repo/precheck_results/17_MAY_2026___01_26_38/logs/klayout_beol_check.log
2026-05-17 01:56:34 [INFO] Running: klayout -b -r /usr/local/lib/python3.9/site-packages/cf_precheck/drc_scripts/sky130A_mr.drc -rd input=/tmp/tmpu3k9dil2/repo/gds/user_project_wrapper.gds -rd topcell=user_project_wrapper -rd report=/tmp/tmpu3k9dil2/repo/precheck_results/17_MAY_2026___01_26_38/outputs/reports/klayout_offgrid_check.xml -rd thr=2 -rd offgrid=true
2026-05-17 02:03:41 [INFO] No DRC violations found
2026-05-17 02:03:41 [INFO] Running: klayout -b -r /usr/local/lib/python3.9/site-packages/cf_precheck/drc_scripts/met_min_ca_density.lydrc -rd input=/tmp/tmpu3k9dil2/repo/gds/user_project_wrapper.gds -rd topcell=user_project_wrapper -rd report=/tmp/tmpu3k9dil2/repo/precheck_results/17_MAY_2026___01_26_38/outputs/reports/klayout_met_min_ca_density_check.xml -rd thr=2
2026-05-17 02:05:34 [INFO] No DRC violations found
2026-05-17 02:05:34 [INFO] Running: klayout -b -r /usr/local/lib/python3.9/site-packages/cf_precheck/drc_scripts/pin_label_purposes_overlapping_drawing.rb.drc -rd input=/tmp/tmpu3k9dil2/repo/gds/user_project_wrapper.gds -rd topcell=user_project_wrapper -rd report=/tmp/tmpu3k9dil2/repo/precheck_results/17_MAY_2026___01_26_38/outputs/reports/klayout_pin_label_purposes_overlapping_drawing_check.xml -rd thr=2 -rd top_cell_name=user_project_wrapper
2026-05-17 02:05:43 [ERROR] klayout_pin_label_purposes_overlapping_drawing failed (stat=1), see /tmp/tmpu3k9dil2/repo/precheck_results/17_MAY_2026___01_26_38/logs/klayout_pin_label_purposes_overlapping_drawing_check.log
2026-05-17 02:05:43 [INFO] Running: klayout -b -r /usr/local/lib/python3.9/site-packages/cf_precheck/drc_scripts/zeroarea.rb.drc -rd input=/tmp/tmpu3k9dil2/repo/gds/user_project_wrapper.gds -rd topcell=user_project_wrapper -rd report=/tmp/tmpu3k9dil2/repo/precheck_results/17_MAY_2026___01_26_38/outputs/reports/klayout_zeroarea_check.xml -rd thr=2 -rd cleaned_output=/tmp/tmpu3k9dil2/repo/precheck_results/17_MAY_2026___01_26_38/outputs/user_project_wrapper_no_zero_areas.gds
2026-05-17 02:06:02 [INFO] No DRC violations found
2026-05-17 02:06:02 [INFO] Running: bash /usr/local/lib/python3.9/site-packages/cf_precheck/drc_scripts/gdsArea0 -V -m /tmp/tmpu3k9dil2/repo/precheck_results/17_MAY_2026___01_26_38/outputs/reports/spike_check.xml /tmp/tmpu3k9dil2/repo/gds/user_project_wrapper.gds
2026-05-17 02:06:20 [INFO] No spikes found
2026-05-17 02:06:24 [ERROR] LVS FAILED: could not find LVS configuration file /tmp/tmpu3k9dil2/repo/lvs/user_project_wrapper/lvs_config.json
2026-05-17 02:06:24 [ERROR] OEB FAILED: could not find LVS configuration file /tmp/tmpu3k9dil2/repo/lvs/user_project_wrapper/lvs_config.json
