2026-05-17 04:24:43 [INFO] Extracting compressed files in: /tmp/tmp444ue0ep/repo
2026-05-17 04:24:44 [INFO] make uncompress produced 1 gds/*.gds file(s): user_project_wrapper.gds (make exit 0)
2026-05-17 04:24:44 [INFO] Project type: digital
2026-05-17 04:24:44 [INFO] GDS hash (user_project_wrapper): 8163aed4bad9bd96edd744b3a71b152c74d4b75b
2026-05-17 04:24:45 [INFO] Tools: KLayout v0.29.2 | Magic v8.3.471
2026-05-17 04:24:45 [INFO] PDK: SKY130A unknown
2026-05-17 04:24:45 [INFO] Running 13 checks: [topcell_check, gpio_defines, xor, klayout_feol, klayout_beol, klayout_offgrid, klayout_met_min_ca_density, klayout_pin_label_purposes_overlapping_drawing, klayout_zeroarea, spike_check, illegal_cellname_check, lvs, oeb]
2026-05-17 04:24:49 [INFO] Single top cell 'user_project_wrapper' found
2026-05-17 04:24:49 [WARNING] User defines file /tmp/tmp444ue0ep/repo/verilog/rtl/user_defines.v not readable
2026-05-17 04:24:49 [ERROR] GPIO defines check failed due to 1 error(s)
2026-05-17 04:26:12 [INFO] Total XOR differences: 798
2026-05-17 04:26:12 [INFO] Running: klayout -b -r /usr/local/lib/python3.9/site-packages/cf_precheck/drc_scripts/sky130A_mr.drc -rd input=/tmp/tmp444ue0ep/repo/gds/user_project_wrapper.gds -rd topcell=user_project_wrapper -rd report=/tmp/tmp444ue0ep/repo/precheck_results/17_MAY_2026___04_24_43/outputs/reports/klayout_feol_check.xml -rd thr=2 -rd feol=true
2026-05-17 04:37:46 [INFO] No DRC violations found
2026-05-17 04:37:46 [INFO] Running: klayout -b -r /usr/local/lib/python3.9/site-packages/cf_precheck/drc_scripts/sky130A_mr.drc -rd input=/tmp/tmp444ue0ep/repo/gds/user_project_wrapper.gds -rd topcell=user_project_wrapper -rd report=/tmp/tmp444ue0ep/repo/precheck_results/17_MAY_2026___04_24_43/outputs/reports/klayout_beol_check.xml -rd thr=2 -rd beol=true
2026-05-17 04:55:25 [ERROR] klayout_beol failed (stat=-9), see /tmp/tmp444ue0ep/repo/precheck_results/17_MAY_2026___04_24_43/logs/klayout_beol_check.log
2026-05-17 04:55:25 [INFO] Running: klayout -b -r /usr/local/lib/python3.9/site-packages/cf_precheck/drc_scripts/sky130A_mr.drc -rd input=/tmp/tmp444ue0ep/repo/gds/user_project_wrapper.gds -rd topcell=user_project_wrapper -rd report=/tmp/tmp444ue0ep/repo/precheck_results/17_MAY_2026___04_24_43/outputs/reports/klayout_offgrid_check.xml -rd thr=2 -rd offgrid=true
2026-05-17 05:02:26 [INFO] No DRC violations found
2026-05-17 05:02:26 [INFO] Running: klayout -b -r /usr/local/lib/python3.9/site-packages/cf_precheck/drc_scripts/met_min_ca_density.lydrc -rd input=/tmp/tmp444ue0ep/repo/gds/user_project_wrapper.gds -rd topcell=user_project_wrapper -rd report=/tmp/tmp444ue0ep/repo/precheck_results/17_MAY_2026___04_24_43/outputs/reports/klayout_met_min_ca_density_check.xml -rd thr=2
2026-05-17 05:04:20 [INFO] No DRC violations found
2026-05-17 05:04:20 [INFO] Running: klayout -b -r /usr/local/lib/python3.9/site-packages/cf_precheck/drc_scripts/pin_label_purposes_overlapping_drawing.rb.drc -rd input=/tmp/tmp444ue0ep/repo/gds/user_project_wrapper.gds -rd topcell=user_project_wrapper -rd report=/tmp/tmp444ue0ep/repo/precheck_results/17_MAY_2026___04_24_43/outputs/reports/klayout_pin_label_purposes_overlapping_drawing_check.xml -rd thr=2 -rd top_cell_name=user_project_wrapper
2026-05-17 05:05:37 [INFO] No DRC violations found
2026-05-17 05:05:37 [INFO] Running: klayout -b -r /usr/local/lib/python3.9/site-packages/cf_precheck/drc_scripts/zeroarea.rb.drc -rd input=/tmp/tmp444ue0ep/repo/gds/user_project_wrapper.gds -rd topcell=user_project_wrapper -rd report=/tmp/tmp444ue0ep/repo/precheck_results/17_MAY_2026___04_24_43/outputs/reports/klayout_zeroarea_check.xml -rd thr=2 -rd cleaned_output=/tmp/tmp444ue0ep/repo/precheck_results/17_MAY_2026___04_24_43/outputs/user_project_wrapper_no_zero_areas.gds
2026-05-17 05:05:56 [INFO] No DRC violations found
2026-05-17 05:05:56 [INFO] Running: bash /usr/local/lib/python3.9/site-packages/cf_precheck/drc_scripts/gdsArea0 -V -m /tmp/tmp444ue0ep/repo/precheck_results/17_MAY_2026___04_24_43/outputs/reports/spike_check.xml /tmp/tmp444ue0ep/repo/gds/user_project_wrapper.gds
2026-05-17 05:06:14 [INFO] No spikes found
2026-05-17 05:06:18 [ERROR] LVS FAILED: could not find LVS configuration file /tmp/tmp444ue0ep/repo/lvs/user_project_wrapper/lvs_config.json
2026-05-17 05:06:18 [ERROR] OEB FAILED: could not find LVS configuration file /tmp/tmp444ue0ep/repo/lvs/user_project_wrapper/lvs_config.json
