"input" in: sky130A_mr.drc:182
    Polygons (raw): 1548523 (flat)  537 (hierarchical)
    Elapsed: 0.430s  Memory: 1414.00M
"polygons" in: sky130A_mr.drc:183
    Polygons (raw): 289800 (flat)  2 (hierarchical)
    Elapsed: 0.300s  Memory: 1418.00M
"polygons" in: sky130A_mr.drc:184
    Polygons (raw): 1047437 (flat)  183 (hierarchical)
    Elapsed: 0.250s  Memory: 1418.00M
"polygons" in: sky130A_mr.drc:185
    Polygons (raw): 0 (flat)  0 (hierarchical)
    Elapsed: 0.020s  Memory: 1418.00M
"polygons" in: sky130A_mr.drc:186
    Polygons (raw): 0 (flat)  0 (hierarchical)
    Elapsed: 0.000s  Memory: 1418.00M
"polygons" in: sky130A_mr.drc:187
    Polygons (raw): 0 (flat)  0 (hierarchical)
    Elapsed: 0.000s  Memory: 1418.00M
"polygons" in: sky130A_mr.drc:188
    Polygons (raw): 0 (flat)  0 (hierarchical)
    Elapsed: 0.030s  Memory: 1418.00M
"polygons" in: sky130A_mr.drc:189
    Polygons (raw): 0 (flat)  0 (hierarchical)
    Elapsed: 0.000s  Memory: 1418.00M
"polygons" in: sky130A_mr.drc:190
    Polygons (raw): 1051909 (flat)  189 (hierarchical)
    Elapsed: 0.230s  Memory: 1418.00M
"polygons" in: sky130A_mr.drc:191
    Polygons (raw): 0 (flat)  0 (hierarchical)
    Elapsed: 0.020s  Memory: 1418.00M
"polygons" in: sky130A_mr.drc:192
    Polygons (raw): 0 (flat)  0 (hierarchical)
    Elapsed: 0.000s  Memory: 1418.00M
"polygons" in: sky130A_mr.drc:193
    Polygons (raw): 0 (flat)  0 (hierarchical)
    Elapsed: 0.000s  Memory: 1418.00M
"polygons" in: sky130A_mr.drc:194
    Polygons (raw): 0 (flat)  0 (hierarchical)
    Elapsed: 0.020s  Memory: 1418.00M
"polygons" in: sky130A_mr.drc:195
    Polygons (raw): 1657219 (flat)  1254 (hierarchical)
    Elapsed: 0.260s  Memory: 1418.00M
"polygons" in: sky130A_mr.drc:196
    Polygons (raw): 0 (flat)  0 (hierarchical)
    Elapsed: 0.020s  Memory: 1418.00M
"polygons" in: sky130A_mr.drc:197
    Polygons (raw): 1192337 (flat)  184 (hierarchical)
    Elapsed: 0.230s  Memory: 1418.00M
"polygons" in: sky130A_mr.drc:198
    Polygons (raw): 1192337 (flat)  184 (hierarchical)
    Elapsed: 0.250s  Memory: 1418.00M
"polygons" in: sky130A_mr.drc:199
    Polygons (raw): 0 (flat)  0 (hierarchical)
    Elapsed: 0.030s  Memory: 1418.00M
"polygons" in: sky130A_mr.drc:200
    Polygons (raw): 0 (flat)  0 (hierarchical)
    Elapsed: 0.000s  Memory: 1418.00M
"polygons" in: sky130A_mr.drc:201
    Polygons (raw): 764271 (flat)  219 (hierarchical)
    Elapsed: 0.250s  Memory: 1418.00M
"polygons" in: sky130A_mr.drc:202
    Polygons (raw): 6167776 (flat)  5752 (hierarchical)
    Elapsed: 0.260s  Memory: 1418.00M
"polygons" in: sky130A_mr.drc:204
    Polygons (raw): 5119902 (flat)  135737 (hierarchical)
    Elapsed: 0.370s  Memory: 1418.00M
"polygons" in: sky130A_mr.drc:205
    Polygons (raw): 0 (flat)  0 (hierarchical)
    Elapsed: 0.020s  Memory: 1418.00M
"polygons" in: sky130A_mr.drc:206
    Polygons (raw): 16416024 (flat)  136682 (hierarchical)
    Elapsed: 0.350s  Memory: 1418.00M
"polygons" in: sky130A_mr.drc:208
    Polygons (raw): 2629670 (flat)  521410 (hierarchical)
    Elapsed: 0.700s  Memory: 1422.00M
"polygons" in: sky130A_mr.drc:209
    Polygons (raw): 247813 (flat)  247813 (hierarchical)
    Elapsed: 0.530s  Memory: 1434.00M
"polygons" in: sky130A_mr.drc:211
    Polygons (raw): 243551 (flat)  243551 (hierarchical)
    Elapsed: 0.530s  Memory: 1434.00M
"polygons" in: sky130A_mr.drc:212
    Polygons (raw): 100082 (flat)  100082 (hierarchical)
    Elapsed: 0.400s  Memory: 1434.00M
"polygons" in: sky130A_mr.drc:214
    Polygons (raw): 31954 (flat)  31954 (hierarchical)
    Elapsed: 0.340s  Memory: 1434.00M
"polygons" in: sky130A_mr.drc:215
    Polygons (raw): 98407 (flat)  98407 (hierarchical)
    Elapsed: 0.380s  Memory: 1434.00M
"polygons" in: sky130A_mr.drc:217
    Polygons (raw): 976 (flat)  976 (hierarchical)
    Elapsed: 0.320s  Memory: 1434.00M
"polygons" in: sky130A_mr.drc:218
    Polygons (raw): 874 (flat)  874 (hierarchical)
    Elapsed: 0.290s  Memory: 1434.00M
"polygons" in: sky130A_mr.drc:220
    Polygons (raw): 46 (flat)  46 (hierarchical)
    Elapsed: 0.320s  Memory: 1434.00M
"polygons" in: sky130A_mr.drc:222
    Polygons (raw): 0 (flat)  0 (hierarchical)
    Elapsed: 0.010s  Memory: 1434.00M
"polygons" in: sky130A_mr.drc:223
    Polygons (raw): 0 (flat)  0 (hierarchical)
    Elapsed: 0.020s  Memory: 1434.00M
"polygons" in: sky130A_mr.drc:224
    Polygons (raw): 0 (flat)  0 (hierarchical)
    Elapsed: 0.000s  Memory: 1434.00M
"polygons" in: sky130A_mr.drc:225
    Polygons (raw): 0 (flat)  0 (hierarchical)
    Elapsed: 0.000s  Memory: 1434.00M
"polygons" in: sky130A_mr.drc:226
    Polygons (raw): 0 (flat)  0 (hierarchical)
    Elapsed: 0.030s  Memory: 1434.00M
"polygons" in: sky130A_mr.drc:227
    Polygons (raw): 0 (flat)  0 (hierarchical)
    Elapsed: 0.000s  Memory: 1434.00M
"polygons" in: sky130A_mr.drc:228
    Polygons (raw): 0 (flat)  0 (hierarchical)
    Elapsed: 0.010s  Memory: 1434.00M
"polygons" in: sky130A_mr.drc:229
    Polygons (raw): 0 (flat)  0 (hierarchical)
    Elapsed: 0.020s  Memory: 1434.00M
"polygons" in: sky130A_mr.drc:230
    Polygons (raw): 0 (flat)  0 (hierarchical)
    Elapsed: 0.000s  Memory: 1434.00M
"polygons" in: sky130A_mr.drc:231
    Polygons (raw): 0 (flat)  0 (hierarchical)
    Elapsed: 0.000s  Memory: 1434.00M
"polygons" in: sky130A_mr.drc:232
    Polygons (raw): 0 (flat)  0 (hierarchical)
    Elapsed: 0.030s  Memory: 1434.00M
"polygons" in: sky130A_mr.drc:233
    Polygons (raw): 0 (flat)  0 (hierarchical)
    Elapsed: 0.000s  Memory: 1434.00M
"polygons" in: sky130A_mr.drc:234
    Polygons (raw): 0 (flat)  0 (hierarchical)
    Elapsed: 0.000s  Memory: 1434.00M
"polygons" in: sky130A_mr.drc:235
    Polygons (raw): 0 (flat)  0 (hierarchical)
    Elapsed: 0.020s  Memory: 1434.00M
"polygons" in: sky130A_mr.drc:236
    Polygons (raw): 0 (flat)  0 (hierarchical)
    Elapsed: 0.000s  Memory: 1434.00M
"polygons" in: sky130A_mr.drc:237
    Polygons (raw): 0 (flat)  0 (hierarchical)
    Elapsed: 0.000s  Memory: 1434.00M
"polygons" in: sky130A_mr.drc:238
    Polygons (raw): 0 (flat)  0 (hierarchical)
    Elapsed: 0.030s  Memory: 1434.00M
"polygons" in: sky130A_mr.drc:239
    Polygons (raw): 0 (flat)  0 (hierarchical)
    Elapsed: 0.000s  Memory: 1434.00M
"polygons" in: sky130A_mr.drc:240
    Polygons (raw): 1047437 (flat)  183 (hierarchical)
    Elapsed: 0.230s  Memory: 1434.00M
"polygons" in: sky130A_mr.drc:241
    Polygons (raw): 0 (flat)  0 (hierarchical)
    Elapsed: 0.030s  Memory: 1441.00M
"polygons" in: sky130A_mr.drc:242
    Polygons (raw): 0 (flat)  0 (hierarchical)
    Elapsed: 0.000s  Memory: 1441.00M
"polygons" in: sky130A_mr.drc:243
    Polygons (raw): 0 (flat)  0 (hierarchical)
    Elapsed: 0.000s  Memory: 1441.00M
"polygons" in: sky130A_mr.drc:244
    Polygons (raw): 0 (flat)  0 (hierarchical)
    Elapsed: 0.020s  Memory: 1441.00M
"polygons" in: sky130A_mr.drc:245
    Polygons (raw): 0 (flat)  0 (hierarchical)
    Elapsed: 0.000s  Memory: 1441.00M
"polygons" in: sky130A_mr.drc:246
    Polygons (raw): 0 (flat)  0 (hierarchical)
    Elapsed: 0.000s  Memory: 1441.00M
"polygons" in: sky130A_mr.drc:247
    Polygons (raw): 0 (flat)  0 (hierarchical)
    Elapsed: 0.030s  Memory: 1441.00M
"polygons" in: sky130A_mr.drc:248
    Polygons (raw): 1 (flat)  1 (hierarchical)
    Elapsed: 0.290s  Memory: 1441.00M
"polygons" in: sky130A_mr.drc:249
    Polygons (raw): 0 (flat)  0 (hierarchical)
    Elapsed: 0.030s  Memory: 1441.00M
"polygons" in: sky130A_mr.drc:250
    Polygons (raw): 0 (flat)  0 (hierarchical)
    Elapsed: 0.000s  Memory: 1441.00M
"polygons" in: sky130A_mr.drc:251
    Polygons (raw): 0 (flat)  0 (hierarchical)
    Elapsed: 0.000s  Memory: 1441.00M
"polygons" in: sky130A_mr.drc:252
    Polygons (raw): 0 (flat)  0 (hierarchical)
    Elapsed: 0.030s  Memory: 1441.00M
"polygons" in: sky130A_mr.drc:253
    Polygons (raw): 638 (flat)  1 (hierarchical)
    Elapsed: 0.300s  Memory: 1441.00M
"polygons" in: sky130A_mr.drc:254
    Polygons (raw): 0 (flat)  0 (hierarchical)
    Elapsed: 0.020s  Memory: 1441.00M
"polygons" in: sky130A_mr.drc:255
    Polygons (raw): 0 (flat)  0 (hierarchical)
    Elapsed: 0.000s  Memory: 1441.00M
"polygons" in: sky130A_mr.drc:256
    Polygons (raw): 0 (flat)  0 (hierarchical)
    Elapsed: 0.000s  Memory: 1441.00M
"polygons" in: sky130A_mr.drc:257
    Polygons (raw): 0 (flat)  0 (hierarchical)
    Elapsed: 0.030s  Memory: 1441.00M
"polygons" in: sky130A_mr.drc:258
    Polygons (raw): 0 (flat)  0 (hierarchical)
    Elapsed: 0.000s  Memory: 1441.00M
"polygons" in: sky130A_mr.drc:259
    Polygons (raw): 0 (flat)  0 (hierarchical)
    Elapsed: 0.000s  Memory: 1441.00M
"polygons" in: sky130A_mr.drc:260
    Polygons (raw): 0 (flat)  0 (hierarchical)
    Elapsed: 0.030s  Memory: 1441.00M
"polygons" in: sky130A_mr.drc:261
    Polygons (raw): 0 (flat)  0 (hierarchical)
    Elapsed: 0.000s  Memory: 1441.00M
"polygons" in: sky130A_mr.drc:262
    Polygons (raw): 0 (flat)  0 (hierarchical)
    Elapsed: 0.000s  Memory: 1441.00M
"polygons" in: sky130A_mr.drc:263
    Polygons (raw): 0 (flat)  0 (hierarchical)
    Elapsed: 0.020s  Memory: 1441.00M
"polygons" in: sky130A_mr.drc:264
    Polygons (raw): 0 (flat)  0 (hierarchical)
    Elapsed: 0.000s  Memory: 1441.00M
"polygons" in: sky130A_mr.drc:265
    Polygons (raw): 0 (flat)  0 (hierarchical)
    Elapsed: 0.000s  Memory: 1441.00M
"polygons" in: sky130A_mr.drc:266
    Polygons (raw): 0 (flat)  0 (hierarchical)
    Elapsed: 0.030s  Memory: 1441.00M
"polygons" in: sky130A_mr.drc:267
    Polygons (raw): 0 (flat)  0 (hierarchical)
    Elapsed: 0.000s  Memory: 1441.00M
"polygons" in: sky130A_mr.drc:268
    Polygons (raw): 0 (flat)  0 (hierarchical)
    Elapsed: 0.000s  Memory: 1441.00M
"polygons" in: sky130A_mr.drc:269
    Polygons (raw): 0 (flat)  0 (hierarchical)
    Elapsed: 0.020s  Memory: 1441.00M
"polygons" in: sky130A_mr.drc:270
    Polygons (raw): 0 (flat)  0 (hierarchical)
    Elapsed: 0.000s  Memory: 1441.00M
"polygons" in: sky130A_mr.drc:271
    Polygons (raw): 0 (flat)  0 (hierarchical)
    Elapsed: 0.000s  Memory: 1441.00M
"polygons" in: sky130A_mr.drc:272
    Polygons (raw): 0 (flat)  0 (hierarchical)
    Elapsed: 0.020s  Memory: 1441.00M
"polygons" in: sky130A_mr.drc:273
    Polygons (raw): 0 (flat)  0 (hierarchical)
    Elapsed: 0.000s  Memory: 1441.00M
"polygons" in: sky130A_mr.drc:274
    Polygons (raw): 0 (flat)  0 (hierarchical)
    Elapsed: 0.000s  Memory: 1441.00M
"polygons" in: sky130A_mr.drc:275
    Polygons (raw): 0 (flat)  0 (hierarchical)
    Elapsed: 0.020s  Memory: 1441.00M
"polygons" in: sky130A_mr.drc:276
    Polygons (raw): 0 (flat)  0 (hierarchical)
    Elapsed: 0.000s  Memory: 1441.00M
"polygons" in: sky130A_mr.drc:277
    Polygons (raw): 0 (flat)  0 (hierarchical)
    Elapsed: 0.000s  Memory: 1441.00M
"merged" in: sky130A_mr.drc:279
    Polygons (raw): 0 (flat)  0 (hierarchical)
    Elapsed: 0.140s  Memory: 1441.00M
DRC section
BEOL section
START: 67/20 (li)
"outside" in: sky130A_mr.drc:1069
    Polygons (raw): 5119902 (flat)  135737 (hierarchical)
    Elapsed: 0.110s  Memory: 1441.00M
"interacting" in: sky130A_mr.drc:1070
    Polygons (raw): 0 (flat)  0 (hierarchical)
    Elapsed: 0.140s  Memory: 1445.00M
"inside" in: sky130A_mr.drc:1070
    Polygons (raw): 0 (flat)  0 (hierarchical)
    Elapsed: 0.120s  Memory: 1445.00M
"-" in: sky130A_mr.drc:1070
    Polygons (raw): 0 (flat)  0 (hierarchical)
    Elapsed: 0.140s  Memory: 1445.00M
"or" in: sky130A_mr.drc:1069
    Polygons (raw): 219119 (flat)  135167 (hierarchical)
    Elapsed: 53.950s  Memory: 2069.00M
"width" in: sky130A_mr.drc:1072
    Edge pairs: 0 (flat)  0 (hierarchical)
    Elapsed: 10.220s  Memory: 2069.00M
"output" in: sky130A_mr.drc:1072
    Edge pairs: 0 (flat)  0 (hierarchical)
    Elapsed: 0.170s  Memory: 2069.00M
"space" in: sky130A_mr.drc:1076
    Edge pairs: 0 (flat)  0 (hierarchical)
    Elapsed: 143.410s  Memory: 2421.00M
"output" in: sky130A_mr.drc:1076
    Edge pairs: 0 (flat)  0 (hierarchical)
    Elapsed: 0.170s  Memory: 2421.00M
"-" in: sky130A_mr.drc:1080
    Polygons (raw): 6167776 (flat)  5752 (hierarchical)
    Elapsed: 0.120s  Memory: 2421.00M
"enclosing" in: sky130A_mr.drc:1082
    Edge pairs: 5247453 (flat)  4865269 (hierarchical)
    Elapsed: 362.480s  Memory: 3466.00M
"second_edges" in: sky130A_mr.drc:1082
    Edges: 5247453 (flat)  4865269 (hierarchical)
    Elapsed: 0.440s  Memory: 3540.00M
"width" in: sky130A_mr.drc:1083
    Edge pairs: 0 (flat)  0 (hierarchical)
    Elapsed: 23.910s  Memory: 4414.00M
"polygons" in: sky130A_mr.drc:1084
    Polygons (raw): 0 (flat)  0 (hierarchical)
    Elapsed: 0.030s  Memory: 4414.00M
"interacting" in: sky130A_mr.drc:1084
    Polygons (raw): 0 (flat)  0 (hierarchical)
    Elapsed: 0.120s  Memory: 4414.00M
"output" in: sky130A_mr.drc:1085
    Polygons (raw): 0 (flat)  0 (hierarchical)
    Elapsed: 0.170s  Memory: 4414.00M
"interacting" in: sky130A_mr.drc:1089
    Polygons (raw): 0 (flat)  0 (hierarchical)
    Elapsed: 0.120s  Memory: 4414.00M
"-" in: sky130A_mr.drc:1089
    Polygons (raw): 5119902 (flat)  135737 (hierarchical)
    Elapsed: 0.140s  Memory: 4414.00M
"with_area" in: sky130A_mr.drc:1090
    Polygons (raw): 0 (flat)  0 (hierarchical)
    Elapsed: 51.850s  Memory: 4430.00M
"output" in: sky130A_mr.drc:1090
    Polygons (raw): 0 (flat)  0 (hierarchical)
    Elapsed: 0.180s  Memory: 4430.00M
"&" in: sky130A_mr.drc:1094
    Polygons (raw): 0 (flat)  0 (hierarchical)
    Elapsed: 0.110s  Memory: 4430.00M
"space" in: sky130A_mr.drc:1095
    Edge pairs: 0 (flat)  0 (hierarchical)
    Elapsed: 0.140s  Memory: 4430.00M
"output" in: sky130A_mr.drc:1095
    Edge pairs: 0 (flat)  0 (hierarchical)
    Elapsed: 0.160s  Memory: 4430.00M
"width" in: sky130A_mr.drc:1099
    Edge pairs: 0 (flat)  0 (hierarchical)
    Elapsed: 0.110s  Memory: 4430.00M
"output" in: sky130A_mr.drc:1099
    Edge pairs: 0 (flat)  0 (hierarchical)
    Elapsed: 0.170s  Memory: 4430.00M
END: 67/20 (li)
START: 67/13 (li_res)
"width" in: sky130A_mr.drc:1107
    Edge pairs: 0 (flat)  0 (hierarchical)
    Elapsed: 0.120s  Memory: 4430.00M
"output" in: sky130A_mr.drc:1107
    Edge pairs: 0 (flat)  0 (hierarchical)
    Elapsed: 0.150s  Memory: 4430.00M
END: 67/13 (li_res)
START: 67/44 (mcon)
"-" in: sky130A_mr.drc:1115
    Polygons (raw): 16416024 (flat)  136682 (hierarchical)
    Elapsed: 0.140s  Memory: 4430.00M
"drc" in: sky130A_mr.drc:1117
