2026-05-16 08:02:58 [INFO] Extracting compressed files in: /tmp/tmpzpo0e5wy/repo
2026-05-16 08:02:59 [INFO] make uncompress produced 1 gds/*.gds file(s): user_project_wrapper.gds (make exit 0)
2026-05-16 08:02:59 [INFO] Project type: digital
2026-05-16 08:03:00 [INFO] GDS hash (user_project_wrapper): 215db911b8271a26980ebeb21eb013c3a4b56162
2026-05-16 08:03:00 [INFO] Tools: KLayout v0.29.2 | Magic v8.3.471
2026-05-16 08:03:00 [INFO] PDK: SKY130A unknown
2026-05-16 08:03:00 [INFO] Running 13 checks: [topcell_check, gpio_defines, xor, klayout_feol, klayout_beol, klayout_offgrid, klayout_met_min_ca_density, klayout_pin_label_purposes_overlapping_drawing, klayout_zeroarea, spike_check, illegal_cellname_check, lvs, oeb]
2026-05-16 08:03:04 [INFO] Single top cell 'systolic_array_user_project' found
2026-05-16 08:03:05 [WARNING] User defines file /tmp/tmpzpo0e5wy/repo/verilog/rtl/user_defines.v not readable
2026-05-16 08:03:05 [ERROR] GPIO defines check failed due to 1 error(s)
2026-05-16 08:03:12 [ERROR] Top cell name user_project_wrapper not found
2026-05-16 08:03:12 [INFO] Running: klayout -b -r /usr/local/lib/python3.9/site-packages/cf_precheck/drc_scripts/sky130A_mr.drc -rd input=/tmp/tmpzpo0e5wy/repo/gds/user_project_wrapper.gds -rd topcell=user_project_wrapper -rd report=/tmp/tmpzpo0e5wy/repo/precheck_results/16_MAY_2026___08_02_58/outputs/reports/klayout_feol_check.xml -rd thr=2 -rd feol=true
2026-05-16 08:15:56 [INFO] No DRC violations found
2026-05-16 08:15:56 [INFO] Running: klayout -b -r /usr/local/lib/python3.9/site-packages/cf_precheck/drc_scripts/sky130A_mr.drc -rd input=/tmp/tmpzpo0e5wy/repo/gds/user_project_wrapper.gds -rd topcell=user_project_wrapper -rd report=/tmp/tmpzpo0e5wy/repo/precheck_results/16_MAY_2026___08_02_58/outputs/reports/klayout_beol_check.xml -rd thr=2 -rd beol=true
2026-05-16 08:30:03 [ERROR] klayout_beol failed (stat=-9), see /tmp/tmpzpo0e5wy/repo/precheck_results/16_MAY_2026___08_02_58/logs/klayout_beol_check.log
2026-05-16 08:30:03 [INFO] Running: klayout -b -r /usr/local/lib/python3.9/site-packages/cf_precheck/drc_scripts/sky130A_mr.drc -rd input=/tmp/tmpzpo0e5wy/repo/gds/user_project_wrapper.gds -rd topcell=user_project_wrapper -rd report=/tmp/tmpzpo0e5wy/repo/precheck_results/16_MAY_2026___08_02_58/outputs/reports/klayout_offgrid_check.xml -rd thr=2 -rd offgrid=true
2026-05-16 08:37:48 [INFO] No DRC violations found
2026-05-16 08:37:48 [INFO] Running: klayout -b -r /usr/local/lib/python3.9/site-packages/cf_precheck/drc_scripts/met_min_ca_density.lydrc -rd input=/tmp/tmpzpo0e5wy/repo/gds/user_project_wrapper.gds -rd topcell=user_project_wrapper -rd report=/tmp/tmpzpo0e5wy/repo/precheck_results/16_MAY_2026___08_02_58/outputs/reports/klayout_met_min_ca_density_check.xml -rd thr=2
2026-05-16 08:39:56 [INFO] No DRC violations found
2026-05-16 08:39:56 [INFO] Running: klayout -b -r /usr/local/lib/python3.9/site-packages/cf_precheck/drc_scripts/pin_label_purposes_overlapping_drawing.rb.drc -rd input=/tmp/tmpzpo0e5wy/repo/gds/user_project_wrapper.gds -rd topcell=user_project_wrapper -rd report=/tmp/tmpzpo0e5wy/repo/precheck_results/16_MAY_2026___08_02_58/outputs/reports/klayout_pin_label_purposes_overlapping_drawing_check.xml -rd thr=2 -rd top_cell_name=user_project_wrapper
2026-05-16 08:40:05 [ERROR] klayout_pin_label_purposes_overlapping_drawing failed (stat=1), see /tmp/tmpzpo0e5wy/repo/precheck_results/16_MAY_2026___08_02_58/logs/klayout_pin_label_purposes_overlapping_drawing_check.log
2026-05-16 08:40:05 [INFO] Running: klayout -b -r /usr/local/lib/python3.9/site-packages/cf_precheck/drc_scripts/zeroarea.rb.drc -rd input=/tmp/tmpzpo0e5wy/repo/gds/user_project_wrapper.gds -rd topcell=user_project_wrapper -rd report=/tmp/tmpzpo0e5wy/repo/precheck_results/16_MAY_2026___08_02_58/outputs/reports/klayout_zeroarea_check.xml -rd thr=2 -rd cleaned_output=/tmp/tmpzpo0e5wy/repo/precheck_results/16_MAY_2026___08_02_58/outputs/user_project_wrapper_no_zero_areas.gds
2026-05-16 08:40:26 [INFO] No DRC violations found
2026-05-16 08:40:26 [INFO] Running: bash /usr/local/lib/python3.9/site-packages/cf_precheck/drc_scripts/gdsArea0 -V -m /tmp/tmpzpo0e5wy/repo/precheck_results/16_MAY_2026___08_02_58/outputs/reports/spike_check.xml /tmp/tmpzpo0e5wy/repo/gds/user_project_wrapper.gds
2026-05-16 08:40:44 [INFO] No spikes found
2026-05-16 08:40:48 [ERROR] LVS FAILED: could not find LVS configuration file /tmp/tmpzpo0e5wy/repo/lvs/user_project_wrapper/lvs_config.json
2026-05-16 08:40:48 [ERROR] OEB FAILED: could not find LVS configuration file /tmp/tmpzpo0e5wy/repo/lvs/user_project_wrapper/lvs_config.json
