"input" in: sky130A_mr.drc:182
    Polygons (raw): 1353832 (flat)  577 (hierarchical)
    Elapsed: 0.350s  Memory: 1324.00M
"polygons" in: sky130A_mr.drc:183
    Polygons (raw): 251056 (flat)  2 (hierarchical)
    Elapsed: 0.290s  Memory: 1326.00M
"polygons" in: sky130A_mr.drc:184
    Polygons (raw): 912081 (flat)  193 (hierarchical)
    Elapsed: 0.210s  Memory: 1326.00M
"polygons" in: sky130A_mr.drc:185
    Polygons (raw): 0 (flat)  0 (hierarchical)
    Elapsed: 0.020s  Memory: 1326.00M
"polygons" in: sky130A_mr.drc:186
    Polygons (raw): 0 (flat)  0 (hierarchical)
    Elapsed: 0.010s  Memory: 1326.00M
"polygons" in: sky130A_mr.drc:187
    Polygons (raw): 0 (flat)  0 (hierarchical)
    Elapsed: 0.000s  Memory: 1326.00M
"polygons" in: sky130A_mr.drc:188
    Polygons (raw): 0 (flat)  0 (hierarchical)
    Elapsed: 0.000s  Memory: 1326.00M
"polygons" in: sky130A_mr.drc:189
    Polygons (raw): 0 (flat)  0 (hierarchical)
    Elapsed: 0.000s  Memory: 1326.00M
"polygons" in: sky130A_mr.drc:190
    Polygons (raw): 916461 (flat)  199 (hierarchical)
    Elapsed: 0.190s  Memory: 1326.00M
"polygons" in: sky130A_mr.drc:191
    Polygons (raw): 0 (flat)  0 (hierarchical)
    Elapsed: 0.030s  Memory: 1326.00M
"polygons" in: sky130A_mr.drc:192
    Polygons (raw): 0 (flat)  0 (hierarchical)
    Elapsed: 0.000s  Memory: 1326.00M
"polygons" in: sky130A_mr.drc:193
    Polygons (raw): 0 (flat)  0 (hierarchical)
    Elapsed: 0.000s  Memory: 1326.00M
"polygons" in: sky130A_mr.drc:194
    Polygons (raw): 0 (flat)  0 (hierarchical)
    Elapsed: 0.000s  Memory: 1326.00M
"polygons" in: sky130A_mr.drc:195
    Polygons (raw): 1463552 (flat)  1395 (hierarchical)
    Elapsed: 0.220s  Memory: 1326.00M
"polygons" in: sky130A_mr.drc:196
    Polygons (raw): 0 (flat)  0 (hierarchical)
    Elapsed: 0.020s  Memory: 1326.00M
"polygons" in: sky130A_mr.drc:197
    Polygons (raw): 1037609 (flat)  194 (hierarchical)
    Elapsed: 0.190s  Memory: 1326.00M
"polygons" in: sky130A_mr.drc:198
    Polygons (raw): 1037609 (flat)  194 (hierarchical)
    Elapsed: 0.220s  Memory: 1326.00M
"polygons" in: sky130A_mr.drc:199
    Polygons (raw): 0 (flat)  0 (hierarchical)
    Elapsed: 0.020s  Memory: 1326.00M
"polygons" in: sky130A_mr.drc:200
    Polygons (raw): 0 (flat)  0 (hierarchical)
    Elapsed: 0.000s  Memory: 1326.00M
"polygons" in: sky130A_mr.drc:201
    Polygons (raw): 666768 (flat)  231 (hierarchical)
    Elapsed: 0.200s  Memory: 1326.00M
"polygons" in: sky130A_mr.drc:202
    Polygons (raw): 5463628 (flat)  6466 (hierarchical)
    Elapsed: 0.230s  Memory: 1326.00M
"polygons" in: sky130A_mr.drc:204
    Polygons (raw): 4502449 (flat)  136806 (hierarchical)
    Elapsed: 0.330s  Memory: 1326.00M
"polygons" in: sky130A_mr.drc:205
    Polygons (raw): 0 (flat)  0 (hierarchical)
    Elapsed: 0.020s  Memory: 1330.00M
"polygons" in: sky130A_mr.drc:206
    Polygons (raw): 14240607 (flat)  137917 (hierarchical)
    Elapsed: 0.300s  Memory: 1330.00M
"polygons" in: sky130A_mr.drc:208
    Polygons (raw): 2366769 (flat)  529192 (hierarchical)
    Elapsed: 0.660s  Memory: 1348.00M
"polygons" in: sky130A_mr.drc:209
    Polygons (raw): 236107 (flat)  236107 (hierarchical)
    Elapsed: 0.460s  Memory: 1362.00M
"polygons" in: sky130A_mr.drc:211
    Polygons (raw): 242629 (flat)  242629 (hierarchical)
    Elapsed: 0.480s  Memory: 1362.00M
"polygons" in: sky130A_mr.drc:212
    Polygons (raw): 88864 (flat)  88864 (hierarchical)
    Elapsed: 0.340s  Memory: 1362.00M
"polygons" in: sky130A_mr.drc:214
    Polygons (raw): 28491 (flat)  28491 (hierarchical)
    Elapsed: 0.270s  Memory: 1362.00M
"polygons" in: sky130A_mr.drc:215
    Polygons (raw): 87381 (flat)  87381 (hierarchical)
    Elapsed: 0.350s  Memory: 1362.00M
"polygons" in: sky130A_mr.drc:217
    Polygons (raw): 1933 (flat)  1933 (hierarchical)
    Elapsed: 0.240s  Memory: 1362.00M
"polygons" in: sky130A_mr.drc:218
    Polygons (raw): 1584 (flat)  1584 (hierarchical)
    Elapsed: 0.270s  Memory: 1362.00M
"polygons" in: sky130A_mr.drc:220
    Polygons (raw): 954 (flat)  954 (hierarchical)
    Elapsed: 0.250s  Memory: 1362.00M
"polygons" in: sky130A_mr.drc:222
    Polygons (raw): 0 (flat)  0 (hierarchical)
    Elapsed: 0.020s  Memory: 1362.00M
"polygons" in: sky130A_mr.drc:223
    Polygons (raw): 0 (flat)  0 (hierarchical)
    Elapsed: 0.000s  Memory: 1362.00M
"polygons" in: sky130A_mr.drc:224
    Polygons (raw): 0 (flat)  0 (hierarchical)
    Elapsed: 0.000s  Memory: 1362.00M
"polygons" in: sky130A_mr.drc:225
    Polygons (raw): 0 (flat)  0 (hierarchical)
    Elapsed: 0.000s  Memory: 1362.00M
"polygons" in: sky130A_mr.drc:226
    Polygons (raw): 0 (flat)  0 (hierarchical)
    Elapsed: 0.000s  Memory: 1362.00M
"polygons" in: sky130A_mr.drc:227
    Polygons (raw): 0 (flat)  0 (hierarchical)
    Elapsed: 0.000s  Memory: 1362.00M
"polygons" in: sky130A_mr.drc:228
    Polygons (raw): 0 (flat)  0 (hierarchical)
    Elapsed: 0.000s  Memory: 1362.00M
"polygons" in: sky130A_mr.drc:229
    Polygons (raw): 0 (flat)  0 (hierarchical)
    Elapsed: 0.000s  Memory: 1362.00M
"polygons" in: sky130A_mr.drc:230
    Polygons (raw): 0 (flat)  0 (hierarchical)
    Elapsed: 0.000s  Memory: 1362.00M
"polygons" in: sky130A_mr.drc:231
    Polygons (raw): 0 (flat)  0 (hierarchical)
    Elapsed: 0.000s  Memory: 1362.00M
"polygons" in: sky130A_mr.drc:232
    Polygons (raw): 0 (flat)  0 (hierarchical)
    Elapsed: 0.000s  Memory: 1362.00M
"polygons" in: sky130A_mr.drc:233
    Polygons (raw): 0 (flat)  0 (hierarchical)
    Elapsed: 0.000s  Memory: 1362.00M
"polygons" in: sky130A_mr.drc:234
    Polygons (raw): 0 (flat)  0 (hierarchical)
    Elapsed: 0.000s  Memory: 1362.00M
"polygons" in: sky130A_mr.drc:235
    Polygons (raw): 0 (flat)  0 (hierarchical)
    Elapsed: 0.000s  Memory: 1362.00M
"polygons" in: sky130A_mr.drc:236
    Polygons (raw): 0 (flat)  0 (hierarchical)
    Elapsed: 0.000s  Memory: 1362.00M
"polygons" in: sky130A_mr.drc:237
    Polygons (raw): 0 (flat)  0 (hierarchical)
    Elapsed: 0.000s  Memory: 1362.00M
"polygons" in: sky130A_mr.drc:238
    Polygons (raw): 0 (flat)  0 (hierarchical)
    Elapsed: 0.000s  Memory: 1362.00M
"polygons" in: sky130A_mr.drc:239
    Polygons (raw): 0 (flat)  0 (hierarchical)
    Elapsed: 0.000s  Memory: 1362.00M
"polygons" in: sky130A_mr.drc:240
    Polygons (raw): 912081 (flat)  193 (hierarchical)
    Elapsed: 0.180s  Memory: 1362.00M
"polygons" in: sky130A_mr.drc:241
    Polygons (raw): 0 (flat)  0 (hierarchical)
    Elapsed: 0.020s  Memory: 1362.00M
"polygons" in: sky130A_mr.drc:242
    Polygons (raw): 0 (flat)  0 (hierarchical)
    Elapsed: 0.000s  Memory: 1362.00M
"polygons" in: sky130A_mr.drc:243
    Polygons (raw): 0 (flat)  0 (hierarchical)
    Elapsed: 0.000s  Memory: 1362.00M
"polygons" in: sky130A_mr.drc:244
    Polygons (raw): 0 (flat)  0 (hierarchical)
    Elapsed: 0.000s  Memory: 1362.00M
"polygons" in: sky130A_mr.drc:245
    Polygons (raw): 0 (flat)  0 (hierarchical)
    Elapsed: 0.000s  Memory: 1362.00M
"polygons" in: sky130A_mr.drc:246
    Polygons (raw): 0 (flat)  0 (hierarchical)
    Elapsed: 0.000s  Memory: 1362.00M
"polygons" in: sky130A_mr.drc:247
    Polygons (raw): 0 (flat)  0 (hierarchical)
    Elapsed: 0.000s  Memory: 1362.00M
"polygons" in: sky130A_mr.drc:248
    Polygons (raw): 2 (flat)  2 (hierarchical)
    Elapsed: 0.250s  Memory: 1362.00M
"polygons" in: sky130A_mr.drc:249
    Polygons (raw): 0 (flat)  0 (hierarchical)
    Elapsed: 0.000s  Memory: 1362.00M
"polygons" in: sky130A_mr.drc:250
    Polygons (raw): 0 (flat)  0 (hierarchical)
    Elapsed: 0.000s  Memory: 1362.00M
"polygons" in: sky130A_mr.drc:251
    Polygons (raw): 0 (flat)  0 (hierarchical)
    Elapsed: 0.000s  Memory: 1362.00M
"polygons" in: sky130A_mr.drc:252
    Polygons (raw): 0 (flat)  0 (hierarchical)
    Elapsed: 0.000s  Memory: 1362.00M
"polygons" in: sky130A_mr.drc:253
    Polygons (raw): 770 (flat)  1 (hierarchical)
    Elapsed: 0.250s  Memory: 1362.00M
"polygons" in: sky130A_mr.drc:254
    Polygons (raw): 0 (flat)  0 (hierarchical)
    Elapsed: 0.020s  Memory: 1362.00M
"polygons" in: sky130A_mr.drc:255
    Polygons (raw): 0 (flat)  0 (hierarchical)
    Elapsed: 0.000s  Memory: 1362.00M
"polygons" in: sky130A_mr.drc:256
    Polygons (raw): 0 (flat)  0 (hierarchical)
    Elapsed: 0.000s  Memory: 1362.00M
"polygons" in: sky130A_mr.drc:257
    Polygons (raw): 0 (flat)  0 (hierarchical)
    Elapsed: 0.000s  Memory: 1362.00M
"polygons" in: sky130A_mr.drc:258
    Polygons (raw): 0 (flat)  0 (hierarchical)
    Elapsed: 0.000s  Memory: 1362.00M
"polygons" in: sky130A_mr.drc:259
    Polygons (raw): 0 (flat)  0 (hierarchical)
    Elapsed: 0.000s  Memory: 1362.00M
"polygons" in: sky130A_mr.drc:260
    Polygons (raw): 0 (flat)  0 (hierarchical)
    Elapsed: 0.000s  Memory: 1362.00M
"polygons" in: sky130A_mr.drc:261
    Polygons (raw): 0 (flat)  0 (hierarchical)
    Elapsed: 0.000s  Memory: 1362.00M
"polygons" in: sky130A_mr.drc:262
    Polygons (raw): 0 (flat)  0 (hierarchical)
    Elapsed: 0.000s  Memory: 1362.00M
"polygons" in: sky130A_mr.drc:263
    Polygons (raw): 0 (flat)  0 (hierarchical)
    Elapsed: 0.000s  Memory: 1362.00M
"polygons" in: sky130A_mr.drc:264
    Polygons (raw): 0 (flat)  0 (hierarchical)
    Elapsed: 0.000s  Memory: 1362.00M
"polygons" in: sky130A_mr.drc:265
    Polygons (raw): 0 (flat)  0 (hierarchical)
    Elapsed: 0.000s  Memory: 1362.00M
"polygons" in: sky130A_mr.drc:266
    Polygons (raw): 0 (flat)  0 (hierarchical)
    Elapsed: 0.000s  Memory: 1362.00M
"polygons" in: sky130A_mr.drc:267
    Polygons (raw): 0 (flat)  0 (hierarchical)
    Elapsed: 0.000s  Memory: 1362.00M
"polygons" in: sky130A_mr.drc:268
    Polygons (raw): 0 (flat)  0 (hierarchical)
    Elapsed: 0.000s  Memory: 1362.00M
"polygons" in: sky130A_mr.drc:269
    Polygons (raw): 0 (flat)  0 (hierarchical)
    Elapsed: 0.000s  Memory: 1362.00M
"polygons" in: sky130A_mr.drc:270
    Polygons (raw): 0 (flat)  0 (hierarchical)
    Elapsed: 0.000s  Memory: 1362.00M
"polygons" in: sky130A_mr.drc:271
    Polygons (raw): 0 (flat)  0 (hierarchical)
    Elapsed: 0.000s  Memory: 1362.00M
"polygons" in: sky130A_mr.drc:272
    Polygons (raw): 0 (flat)  0 (hierarchical)
    Elapsed: 0.000s  Memory: 1362.00M
"polygons" in: sky130A_mr.drc:273
    Polygons (raw): 0 (flat)  0 (hierarchical)
    Elapsed: 0.000s  Memory: 1362.00M
"polygons" in: sky130A_mr.drc:274
    Polygons (raw): 0 (flat)  0 (hierarchical)
    Elapsed: 0.000s  Memory: 1362.00M
"polygons" in: sky130A_mr.drc:275
    Polygons (raw): 0 (flat)  0 (hierarchical)
    Elapsed: 0.000s  Memory: 1362.00M
"polygons" in: sky130A_mr.drc:276
    Polygons (raw): 0 (flat)  0 (hierarchical)
    Elapsed: 0.000s  Memory: 1362.00M
"polygons" in: sky130A_mr.drc:277
    Polygons (raw): 0 (flat)  0 (hierarchical)
    Elapsed: 0.000s  Memory: 1362.00M
"merged" in: sky130A_mr.drc:279
    Polygons (raw): 0 (flat)  0 (hierarchical)
    Elapsed: 0.000s  Memory: 1362.00M
DRC section
OFFGRID-ANGLES section
"ongrid" in: sky130A_mr.drc:1677
    Edge pairs: 0 (flat)  0 (hierarchical)
    Elapsed: 0.000s  Memory: 1362.00M
"output" in: sky130A_mr.drc:1677
    Edge pairs: 0 (flat)  0 (hierarchical)
    Elapsed: 0.000s  Memory: 1362.00M
"with_angle" in: sky130A_mr.drc:1681
    Edge pairs: 0 (flat)  0 (hierarchical)
    Elapsed: 0.000s  Memory: 1362.00M
"output" in: sky130A_mr.drc:1681
    Edge pairs: 0 (flat)  0 (hierarchical)
    Elapsed: 0.000s  Memory: 1362.00M
"ongrid" in: sky130A_mr.drc:1685
    Edge pairs: 0 (flat)  0 (hierarchical)
    Elapsed: 16.550s  Memory: 1609.00M
"output" in: sky130A_mr.drc:1685
    Edge pairs: 0 (flat)  0 (hierarchical)
    Elapsed: 0.020s  Memory: 1609.00M
"with_angle" in: sky130A_mr.drc:1686
    Edge pairs: 0 (flat)  0 (hierarchical)
    Elapsed: 0.000s  Memory: 1609.00M
"output" in: sky130A_mr.drc:1686
    Edge pairs: 0 (flat)  0 (hierarchical)
    Elapsed: 0.000s  Memory: 1609.00M
"ongrid" in: sky130A_mr.drc:1690
    Edge pairs: 0 (flat)  0 (hierarchical)
    Elapsed: 0.000s  Memory: 1609.00M
"output" in: sky130A_mr.drc:1690
    Edge pairs: 0 (flat)  0 (hierarchical)
    Elapsed: 0.000s  Memory: 1609.00M
"with_angle" in: sky130A_mr.drc:1691
    Edge pairs: 0 (flat)  0 (hierarchical)
    Elapsed: 0.000s  Memory: 1609.00M
"output" in: sky130A_mr.drc:1691
    Edge pairs: 0 (flat)  0 (hierarchical)
    Elapsed: 0.000s  Memory: 1609.00M
"ongrid" in: sky130A_mr.drc:1692
    Edge pairs: 0 (flat)  0 (hierarchical)
    Elapsed: 0.000s  Memory: 1609.00M
"output" in: sky130A_mr.drc:1692
    Edge pairs: 0 (flat)  0 (hierarchical)
    Elapsed: 0.000s  Memory: 1609.00M
"with_angle" in: sky130A_mr.drc:1693
    Edge pairs: 0 (flat)  0 (hierarchical)
    Elapsed: 0.000s  Memory: 1609.00M
"output" in: sky130A_mr.drc:1693
    Edge pairs: 0 (flat)  0 (hierarchical)
    Elapsed: 0.030s  Memory: 1609.00M
"ongrid" in: sky130A_mr.drc:1694
    Edge pairs: 0 (flat)  0 (hierarchical)
    Elapsed: 14.850s  Memory: 1608.00M
"output" in: sky130A_mr.drc:1694
    Edge pairs: 0 (flat)  0 (hierarchical)
    Elapsed: 0.030s  Memory: 1608.00M
"with_angle" in: sky130A_mr.drc:1695
    Edge pairs: 0 (flat)  0 (hierarchical)
    Elapsed: 0.000s  Memory: 1608.00M
"output" in: sky130A_mr.drc:1695
    Edge pairs: 0 (flat)  0 (hierarchical)
    Elapsed: 0.000s  Memory: 1608.00M
"ongrid" in: sky130A_mr.drc:1696
    Edge pairs: 0 (flat)  0 (hierarchical)
    Elapsed: 0.000s  Memory: 1608.00M
"output" in: sky130A_mr.drc:1696
    Edge pairs: 0 (flat)  0 (hierarchical)
    Elapsed: 0.000s  Memory: 1608.00M
"with_angle" in: sky130A_mr.drc:1697
    Edge pairs: 0 (flat)  0 (hierarchical)
    Elapsed: 0.000s  Memory: 1608.00M
"output" in: sky130A_mr.drc:1697
    Edge pairs: 0 (flat)  0 (hierarchical)
    Elapsed: 0.000s  Memory: 1608.00M
"ongrid" in: sky130A_mr.drc:1698
    Edge pairs: 0 (flat)  0 (hierarchical)
    Elapsed: 0.000s  Memory: 1608.00M
"output" in: sky130A_mr.drc:1698
    Edge pairs: 0 (flat)  0 (hierarchical)
    Elapsed: 0.010s  Memory: 1608.00M
"with_angle" in: sky130A_mr.drc:1699
    Edge pairs: 0 (flat)  0 (hierarchical)
    Elapsed: 0.000s  Memory: 1608.00M
"output" in: sky130A_mr.drc:1699
    Edge pairs: 0 (flat)  0 (hierarchical)
    Elapsed: 0.030s  Memory: 1608.00M
"ongrid" in: sky130A_mr.drc:1700
    Edge pairs: 0 (flat)  0 (hierarchical)
    Elapsed: 0.000s  Memory: 1608.00M
"output" in: sky130A_mr.drc:1700
    Edge pairs: 0 (flat)  0 (hierarchical)
    Elapsed: 0.000s  Memory: 1608.00M
"with_angle" in: sky130A_mr.drc:1701
    Edge pairs: 0 (flat)  0 (hierarchical)
    Elapsed: 0.000s  Memory: 1608.00M
"output" in: sky130A_mr.drc:1701
    Edge pairs: 0 (flat)  0 (hierarchical)
    Elapsed: 0.000s  Memory: 1608.00M
"ongrid" in: sky130A_mr.drc:1702
    Edge pairs: 0 (flat)  0 (hierarchical)
    Elapsed: 2.830s  Memory: 1636.00M
"output" in: sky130A_mr.drc:1702
    Edge pairs: 0 (flat)  0 (hierarchical)
    Elapsed: 0.030s  Memory: 1636.00M
"ongrid" in: sky130A_mr.drc:1703
    Edge pairs: 0 (flat)  0 (hierarchical)
    Elapsed: 1.170s  Memory: 1636.00M
"output" in: sky130A_mr.drc:1703
    Edge pairs: 0 (flat)  0 (hierarchical)
    Elapsed: 0.020s  Memory: 1636.00M
"&" in: sky130A_mr.drc:1705
    Polygons (raw): 0 (flat)  0 (hierarchical)
    Elapsed: 0.000s  Memory: 1636.00M
"-" in: sky130A_mr.drc:1705
    Polygons (raw): 1353832 (flat)  577 (hierarchical)
    Elapsed: 0.000s  Memory: 1636.00M
"with_angle" in: sky130A_mr.drc:1706
    Edge pairs: 0 (flat)  0 (hierarchical)
    Elapsed: 2.280s  Memory: 1636.00M
"output" in: sky130A_mr.drc:1707
    Edge pairs: 0 (flat)  0 (hierarchical)
    Elapsed: 0.310s  Memory: 1636.00M
"&" in: sky130A_mr.drc:1709
    Polygons (raw): 0 (flat)  0 (hierarchical)
    Elapsed: 0.000s  Memory: 1636.00M
"&" in: sky130A_mr.drc:1709
    Polygons (raw): 0 (flat)  0 (hierarchical)
    Elapsed: 0.000s  Memory: 1636.00M
"with_angle" in: sky130A_mr.drc:1710
    Edge pairs: 0 (flat)  0 (hierarchical)
    Elapsed: 0.000s  Memory: 1636.00M
"output" in: sky130A_mr.drc:1711
    Edge pairs: 0 (flat)  0 (hierarchical)
    Elapsed: 0.000s  Memory: 1636.00M
"&" in: sky130A_mr.drc:1713
    Polygons (raw): 0 (flat)  0 (hierarchical)
    Elapsed: 0.030s  Memory: 1636.00M
"-" in: sky130A_mr.drc:1713
    Polygons (raw): 251056 (flat)  2 (hierarchical)
    Elapsed: 0.000s  Memory: 1636.00M
"with_angle" in: sky130A_mr.drc:1714
    Edge pairs: 0 (flat)  0 (hierarchical)
    Elapsed: 0.650s  Memory: 1636.00M
"output" in: sky130A_mr.drc:1715
    Edge pairs: 0 (flat)  0 (hierarchical)
    Elapsed: 0.310s  Memory: 1636.00M
"&" in: sky130A_mr.drc:1717
    Polygons (raw): 0 (flat)  0 (hierarchical)
    Elapsed: 0.000s  Memory: 1636.00M
"&" in: sky130A_mr.drc:1717
    Polygons (raw): 0 (flat)  0 (hierarchical)
    Elapsed: 0.000s  Memory: 1636.00M
"with_angle" in: sky130A_mr.drc:1718
    Edge pairs: 0 (flat)  0 (hierarchical)
    Elapsed: 0.000s  Memory: 1636.00M
"output" in: sky130A_mr.drc:1719
    Edge pairs: 0 (flat)  0 (hierarchical)
    Elapsed: 0.000s  Memory: 1636.00M
"ongrid" in: sky130A_mr.drc:1720
    Edge pairs: 0 (flat)  0 (hierarchical)
    Elapsed: 0.030s  Memory: 1636.00M
"output" in: sky130A_mr.drc:1720
    Edge pairs: 0 (flat)  0 (hierarchical)
    Elapsed: 0.000s  Memory: 1636.00M
"with_angle" in: sky130A_mr.drc:1721
    Edge pairs: 0 (flat)  0 (hierarchical)
    Elapsed: 0.000s  Memory: 1636.00M
"output" in: sky130A_mr.drc:1721
    Edge pairs: 0 (flat)  0 (hierarchical)
    Elapsed: 0.000s  Memory: 1636.00M
"ongrid" in: sky130A_mr.drc:1722
    Edge pairs: 0 (flat)  0 (hierarchical)
    Elapsed: 2.820s  Memory: 1636.00M
"output" in: sky130A_mr.drc:1722
    Edge pairs: 0 (flat)  0 (hierarchical)
    Elapsed: 0.030s  Memory: 1636.00M
"with_angle" in: sky130A_mr.drc:1723
    Edge pairs: 0 (flat)  0 (hierarchical)
    Elapsed: 0.000s  Memory: 1636.00M
"output" in: sky130A_mr.drc:1723
    Edge pairs: 0 (flat)  0 (hierarchical)
    Elapsed: 0.000s  Memory: 1636.00M
"ongrid" in: sky130A_mr.drc:1724
    Edge pairs: 0 (flat)  0 (hierarchical)
    Elapsed: 0.000s  Memory: 1636.00M
"output" in: sky130A_mr.drc:1724
    Edge pairs: 0 (flat)  0 (hierarchical)
    Elapsed: 0.000s  Memory: 1636.00M
"with_angle" in: sky130A_mr.drc:1725
    Edge pairs: 0 (flat)  0 (hierarchical)
    Elapsed: 0.000s  Memory: 1636.00M
"output" in: sky130A_mr.drc:1725
    Edge pairs: 0 (flat)  0 (hierarchical)
    Elapsed: 0.000s  Memory: 1636.00M
"ongrid" in: sky130A_mr.drc:1726
    Edge pairs: 0 (flat)  0 (hierarchical)
    Elapsed: 8.970s  Memory: 1608.00M
"output" in: sky130A_mr.drc:1726
    Edge pairs: 0 (flat)  0 (hierarchical)
    Elapsed: 0.020s  Memory: 1608.00M
"with_angle" in: sky130A_mr.drc:1727
    Edge pairs: 0 (flat)  0 (hierarchical)
    Elapsed: 0.120s  Memory: 1608.00M
"output" in: sky130A_mr.drc:1727
    Edge pairs: 0 (flat)  0 (hierarchical)
    Elapsed: 0.000s  Memory: 1608.00M
"ongrid" in: sky130A_mr.drc:1728
    Edge pairs: 0 (flat)  0 (hierarchical)
    Elapsed: 16.180s  Memory: 1608.00M
"output" in: sky130A_mr.drc:1728
    Edge pairs: 0 (flat)  0 (hierarchical)
    Elapsed: 0.020s  Memory: 1608.00M
"with_angle" in: sky130A_mr.drc:1729
    Edge pairs: 0 (flat)  0 (hierarchical)
    Elapsed: 0.030s  Memory: 1608.00M
"output" in: sky130A_mr.drc:1729
    Edge pairs: 0 (flat)  0 (hierarchical)
    Elapsed: 0.000s  Memory: 1608.00M
"ongrid" in: sky130A_mr.drc:1730
    Edge pairs: 0 (flat)  0 (hierarchical)
    Elapsed: 17.100s  Memory: 1608.00M
"output" in: sky130A_mr.drc:1730
    Edge pairs: 0 (flat)  0 (hierarchical)
    Elapsed: 0.020s  Memory: 1608.00M
"with_angle" in: sky130A_mr.drc:1731
    Edge pairs: 0 (flat)  0 (hierarchical)
    Elapsed: 0.050s  Memory: 1608.00M
"output" in: sky130A_mr.drc:1731
    Edge pairs: 0 (flat)  0 (hierarchical)
    Elapsed: 0.000s  Memory: 1608.00M
"ongrid" in: sky130A_mr.drc:1732
    Edge pairs: 0 (flat)  0 (hierarchical)
    Elapsed: 3.480s  Memory: 1652.00M
"output" in: sky130A_mr.drc:1732
    Edge pairs: 0 (flat)  0 (hierarchical)
    Elapsed: 0.020s  Memory: 1652.00M
"with_angle" in: sky130A_mr.drc:1733
    Edge pairs: 0 (flat)  0 (hierarchical)
    Elapsed: 0.000s  Memory: 1652.00M
"output" in: sky130A_mr.drc:1733
    Edge pairs: 0 (flat)  0 (hierarchical)
    Elapsed: 0.000s  Memory: 1652.00M
"ongrid" in: sky130A_mr.drc:1737
    Edge pairs: 0 (flat)  0 (hierarchical)
    Elapsed: 47.280s  Memory: 1938.00M
"output" in: sky130A_mr.drc:1737
    Edge pairs: 0 (flat)  0 (hierarchical)
    Elapsed: 0.030s  Memory: 1938.00M
"with_angle" in: sky130A_mr.drc:1738
    Edge pairs: 0 (flat)  0 (hierarchical)
    Elapsed: 0.710s  Memory: 1938.00M
"output" in: sky130A_mr.drc:1738
    Edge pairs: 0 (flat)  0 (hierarchical)
    Elapsed: 0.020s  Memory: 1938.00M
"ongrid" in: sky130A_mr.drc:1739
    Edge pairs: 0 (flat)  0 (hierarchical)
    Elapsed: 160.320s  Memory: 5298.00M
"output" in: sky130A_mr.drc:1739
    Edge pairs: 0 (flat)  0 (hierarchical)
    Elapsed: 0.020s  Memory: 5298.00M
"with_angle" in: sky130A_mr.drc:1740
    Edge pairs: 0 (flat)  0 (hierarchical)
    Elapsed: 2.940s  Memory: 5298.00M
"output" in: sky130A_mr.drc:1740
    Edge pairs: 0 (flat)  0 (hierarchical)
    Elapsed: 0.030s  Memory: 5298.00M
"ongrid" in: sky130A_mr.drc:1741
    Edge pairs: 0 (flat)  0 (hierarchical)
    Elapsed: 0.000s  Memory: 5298.00M
"output" in: sky130A_mr.drc:1741
    Edge pairs: 0 (flat)  0 (hierarchical)
    Elapsed: 0.010s  Memory: 5298.00M
"with_angle" in: sky130A_mr.drc:1742
    Edge pairs: 0 (flat)  0 (hierarchical)
    Elapsed: 0.000s  Memory: 5298.00M
"output" in: sky130A_mr.drc:1742
    Edge pairs: 0 (flat)  0 (hierarchical)
    Elapsed: 0.000s  Memory: 5298.00M
"ongrid" in: sky130A_mr.drc:1743
    Edge pairs: 0 (flat)  0 (hierarchical)
    Elapsed: 42.540s  Memory: 5298.00M
"output" in: sky130A_mr.drc:1743
    Edge pairs: 0 (flat)  0 (hierarchical)
    Elapsed: 0.030s  Memory: 5298.00M
"with_angle" in: sky130A_mr.drc:1744
    Edge pairs: 0 (flat)  0 (hierarchical)
    Elapsed: 0.120s  Memory: 5298.00M
"output" in: sky130A_mr.drc:1744
    Edge pairs: 0 (flat)  0 (hierarchical)
    Elapsed: 0.000s  Memory: 5298.00M
"ongrid" in: sky130A_mr.drc:1745
    Edge pairs: 0 (flat)  0 (hierarchical)
    Elapsed: 2.510s  Memory: 5298.00M
"output" in: sky130A_mr.drc:1745
    Edge pairs: 0 (flat)  0 (hierarchical)
    Elapsed: 0.030s  Memory: 5298.00M
"with_angle" in: sky130A_mr.drc:1746
    Edge pairs: 0 (flat)  0 (hierarchical)
    Elapsed: 0.100s  Memory: 5298.00M
"output" in: sky130A_mr.drc:1746
    Edge pairs: 0 (flat)  0 (hierarchical)
    Elapsed: 0.000s  Memory: 5298.00M
"ongrid" in: sky130A_mr.drc:1747
    Edge pairs: 0 (flat)  0 (hierarchical)
    Elapsed: 2.050s  Memory: 5298.00M
"output" in: sky130A_mr.drc:1747
    Edge pairs: 0 (flat)  0 (hierarchical)
    Elapsed: 0.030s  Memory: 5298.00M
"with_angle" in: sky130A_mr.drc:1748
    Edge pairs: 0 (flat)  0 (hierarchical)
    Elapsed: 0.080s  Memory: 5298.00M
"output" in: sky130A_mr.drc:1748
    Edge pairs: 0 (flat)  0 (hierarchical)
    Elapsed: 0.000s  Memory: 5298.00M
"ongrid" in: sky130A_mr.drc:1749
    Edge pairs: 0 (flat)  0 (hierarchical)
    Elapsed: 1.340s  Memory: 5298.00M
"output" in: sky130A_mr.drc:1749
    Edge pairs: 0 (flat)  0 (hierarchical)
    Elapsed: 0.020s  Memory: 5298.00M
"with_angle" in: sky130A_mr.drc:1750
    Edge pairs: 0 (flat)  0 (hierarchical)
    Elapsed: 0.040s  Memory: 5298.00M
"output" in: sky130A_mr.drc:1750
    Edge pairs: 0 (flat)  0 (hierarchical)
    Elapsed: 0.000s  Memory: 5298.00M
"ongrid" in: sky130A_mr.drc:1751
    Edge pairs: 0 (flat)  0 (hierarchical)
    Elapsed: 0.790s  Memory: 5298.00M
"output" in: sky130A_mr.drc:1751
    Edge pairs: 0 (flat)  0 (hierarchical)
    Elapsed: 0.020s  Memory: 5298.00M
"with_angle" in: sky130A_mr.drc:1752
    Edge pairs: 0 (flat)  0 (hierarchical)
    Elapsed: 0.010s  Memory: 5298.00M
"output" in: sky130A_mr.drc:1752
    Edge pairs: 0 (flat)  0 (hierarchical)
    Elapsed: 0.000s  Memory: 5298.00M
"ongrid" in: sky130A_mr.drc:1753
    Edge pairs: 0 (flat)  0 (hierarchical)
    Elapsed: 1.330s  Memory: 5298.00M
"output" in: sky130A_mr.drc:1753
    Edge pairs: 0 (flat)  0 (hierarchical)
    Elapsed: 0.020s  Memory: 5298.00M
"with_angle" in: sky130A_mr.drc:1754
    Edge pairs: 0 (flat)  0 (hierarchical)
    Elapsed: 0.030s  Memory: 5298.00M
"output" in: sky130A_mr.drc:1754
    Edge pairs: 0 (flat)  0 (hierarchical)
    Elapsed: 0.000s  Memory: 5298.00M
"ongrid" in: sky130A_mr.drc:1755
    Edge pairs: 0 (flat)  0 (hierarchical)
    Elapsed: 0.000s  Memory: 5298.00M
"output" in: sky130A_mr.drc:1755
    Edge pairs: 0 (flat)  0 (hierarchical)
    Elapsed: 0.000s  Memory: 5298.00M
"with_angle" in: sky130A_mr.drc:1756
    Edge pairs: 0 (flat)  0 (hierarchical)
    Elapsed: 0.000s  Memory: 5298.00M
"output" in: sky130A_mr.drc:1756
    Edge pairs: 0 (flat)  0 (hierarchical)
    Elapsed: 0.000s  Memory: 5298.00M
"ongrid" in: sky130A_mr.drc:1757
    Edge pairs: 0 (flat)  0 (hierarchical)
    Elapsed: 0.740s  Memory: 5298.00M
"output" in: sky130A_mr.drc:1757
    Edge pairs: 0 (flat)  0 (hierarchical)
    Elapsed: 0.030s  Memory: 5298.00M
"with_angle" in: sky130A_mr.drc:1758
    Edge pairs: 0 (flat)  0 (hierarchical)
    Elapsed: 0.000s  Memory: 5298.00M
"output" in: sky130A_mr.drc:1758
    Edge pairs: 0 (flat)  0 (hierarchical)
    Elapsed: 0.000s  Memory: 5298.00M
"ongrid" in: sky130A_mr.drc:1759
    Edge pairs: 0 (flat)  0 (hierarchical)
    Elapsed: 0.640s  Memory: 5298.00M
"output" in: sky130A_mr.drc:1759
    Edge pairs: 0 (flat)  0 (hierarchical)
    Elapsed: 0.020s  Memory: 5298.00M
"with_angle" in: sky130A_mr.drc:1760
    Edge pairs: 0 (flat)  0 (hierarchical)
    Elapsed: 0.000s  Memory: 5298.00M
"output" in: sky130A_mr.drc:1760
    Edge pairs: 0 (flat)  0 (hierarchical)
    Elapsed: 0.000s  Memory: 5298.00M
"ongrid" in: sky130A_mr.drc:1761
    Edge pairs: 0 (flat)  0 (hierarchical)
    Elapsed: 0.700s  Memory: 5298.00M
"output" in: sky130A_mr.drc:1761
    Edge pairs: 0 (flat)  0 (hierarchical)
    Elapsed: 0.020s  Memory: 5298.00M
"with_angle" in: sky130A_mr.drc:1762
    Edge pairs: 0 (flat)  0 (hierarchical)
    Elapsed: 0.000s  Memory: 5298.00M
"output" in: sky130A_mr.drc:1762
    Edge pairs: 0 (flat)  0 (hierarchical)
    Elapsed: 0.000s  Memory: 5298.00M
"ongrid" in: sky130A_mr.drc:1763
    Edge pairs: 0 (flat)  0 (hierarchical)
    Elapsed: 0.000s  Memory: 5298.00M
"output" in: sky130A_mr.drc:1763
    Edge pairs: 0 (flat)  0 (hierarchical)
    Elapsed: 0.000s  Memory: 5298.00M
"with_angle" in: sky130A_mr.drc:1764
    Edge pairs: 0 (flat)  0 (hierarchical)
    Elapsed: 0.000s  Memory: 5298.00M
"output" in: sky130A_mr.drc:1764
    Edge pairs: 0 (flat)  0 (hierarchical)
    Elapsed: 0.010s  Memory: 5298.00M
"ongrid" in: sky130A_mr.drc:1765
    Edge pairs: 0 (flat)  0 (hierarchical)
    Elapsed: 0.000s  Memory: 5298.00M
"output" in: sky130A_mr.drc:1765
    Edge pairs: 0 (flat)  0 (hierarchical)
    Elapsed: 0.000s  Memory: 5298.00M
"with_angle" in: sky130A_mr.drc:1766
    Edge pairs: 0 (flat)  0 (hierarchical)
    Elapsed: 0.000s  Memory: 5298.00M
"output" in: sky130A_mr.drc:1766
    Edge pairs: 0 (flat)  0 (hierarchical)
    Elapsed: 0.030s  Memory: 5298.00M
"ongrid" in: sky130A_mr.drc:1767
    Edge pairs: 0 (flat)  0 (hierarchical)
    Elapsed: 0.000s  Memory: 5298.00M
"output" in: sky130A_mr.drc:1767
    Edge pairs: 0 (flat)  0 (hierarchical)
    Elapsed: 0.000s  Memory: 5298.00M
"with_angle" in: sky130A_mr.drc:1768
    Edge pairs: 0 (flat)  0 (hierarchical)
    Elapsed: 0.000s  Memory: 5298.00M
"output" in: sky130A_mr.drc:1768
    Edge pairs: 0 (flat)  0 (hierarchical)
    Elapsed: 0.000s  Memory: 5298.00M
"ongrid" in: sky130A_mr.drc:1769
    Edge pairs: 0 (flat)  0 (hierarchical)
    Elapsed: 0.000s  Memory: 5298.00M
"output" in: sky130A_mr.drc:1769
    Edge pairs: 0 (flat)  0 (hierarchical)
    Elapsed: 0.000s  Memory: 5298.00M
"with_angle" in: sky130A_mr.drc:1770
    Edge pairs: 0 (flat)  0 (hierarchical)
    Elapsed: 0.000s  Memory: 5298.00M
"output" in: sky130A_mr.drc:1770
    Edge pairs: 0 (flat)  0 (hierarchical)
    Elapsed: 0.000s  Memory: 5298.00M
"ongrid" in: sky130A_mr.drc:1774
    Edge pairs: 0 (flat)  0 (hierarchical)
    Elapsed: 0.000s  Memory: 5298.00M
"output" in: sky130A_mr.drc:1774
    Edge pairs: 0 (flat)  0 (hierarchical)
    Elapsed: 0.000s  Memory: 5298.00M
"with_angle" in: sky130A_mr.drc:1775
    Edge pairs: 0 (flat)  0 (hierarchical)
    Elapsed: 0.000s  Memory: 5298.00M
"output" in: sky130A_mr.drc:1775
    Edge pairs: 0 (flat)  0 (hierarchical)
    Elapsed: 0.020s  Memory: 5298.00M
"ongrid" in: sky130A_mr.drc:1776
    Edge pairs: 0 (flat)  0 (hierarchical)
    Elapsed: 0.000s  Memory: 5298.00M
"output" in: sky130A_mr.drc:1776
    Edge pairs: 0 (flat)  0 (hierarchical)
    Elapsed: 0.000s  Memory: 5298.00M
"with_angle" in: sky130A_mr.drc:1777
    Edge pairs: 0 (flat)  0 (hierarchical)
    Elapsed: 0.000s  Memory: 5298.00M
"output" in: sky130A_mr.drc:1777
    Edge pairs: 0 (flat)  0 (hierarchical)
    Elapsed: 0.000s  Memory: 5298.00M
"ongrid" in: sky130A_mr.drc:1778
    Edge pairs: 0 (flat)  0 (hierarchical)
    Elapsed: 0.000s  Memory: 5298.00M
"output" in: sky130A_mr.drc:1778
    Edge pairs: 0 (flat)  0 (hierarchical)
    Elapsed: 0.000s  Memory: 5298.00M
"with_angle" in: sky130A_mr.drc:1782
    Edge pairs: 0 (flat)  0 (hierarchical)
    Elapsed: 0.000s  Memory: 5298.00M
"output" in: sky130A_mr.drc:1782
    Edge pairs: 0 (flat)  0 (hierarchical)
    Elapsed: 0.000s  Memory: 5298.00M
"ongrid" in: sky130A_mr.drc:1786
    Edge pairs: 0 (flat)  0 (hierarchical)
    Elapsed: 0.000s  Memory: 5298.00M
"output" in: sky130A_mr.drc:1786
    Edge pairs: 0 (flat)  0 (hierarchical)
    Elapsed: 0.000s  Memory: 5298.00M
Writing report database: /tmp/tmpmoj48otr/repo/precheck_results/18_MAY_2026___22_59_19/outputs/reports/klayout_offgrid_check.xml ..
Total elapsed: 383.740s  Memory: 3661.00M
Args:
	sram_exclude: false
	feol: false
	beol: false
	floating_met: false
	offgrid: true
	seal: 
 
Cell exclusion list:
   rule    | cell
   nwell.6 | sky130_fd_io__gpiov2_amux, sky130_fd_io__simple_pad_and_busses
 
release 2026.03.30_01.00
