2026-05-18 22:59:19 [INFO] Extracting compressed files in: /tmp/tmpmoj48otr/repo
2026-05-18 22:59:20 [INFO] make uncompress produced 1 gds/*.gds file(s): user_project_wrapper.gds (make exit 0)
2026-05-18 22:59:20 [INFO] Project type: digital
2026-05-18 22:59:20 [INFO] GDS hash (user_project_wrapper): cc7ce318a09dc1b43eb43febcdad513d4554cc55
2026-05-18 22:59:21 [INFO] Tools: KLayout v0.29.2 | Magic v8.3.471
2026-05-18 22:59:21 [INFO] PDK: SKY130A unknown
2026-05-18 22:59:21 [INFO] Running 13 checks: [topcell_check, gpio_defines, xor, klayout_feol, klayout_beol, klayout_offgrid, klayout_met_min_ca_density, klayout_pin_label_purposes_overlapping_drawing, klayout_zeroarea, spike_check, illegal_cellname_check, lvs, oeb]
2026-05-18 22:59:25 [INFO] Single top cell 'user_project_wrapper' found
2026-05-18 22:59:25 [WARNING] User defines file /tmp/tmpmoj48otr/repo/verilog/rtl/user_defines.v not readable
2026-05-18 22:59:25 [ERROR] GPIO defines check failed due to 1 error(s)
2026-05-18 23:01:05 [INFO] Total XOR differences: 128
2026-05-18 23:01:05 [INFO] Running: klayout -b -r /usr/local/lib/python3.9/site-packages/cf_precheck/drc_scripts/sky130A_mr.drc -rd input=/tmp/tmpmoj48otr/repo/gds/user_project_wrapper.gds -rd topcell=user_project_wrapper -rd report=/tmp/tmpmoj48otr/repo/precheck_results/18_MAY_2026___22_59_19/outputs/reports/klayout_feol_check.xml -rd thr=2 -rd feol=true
2026-05-18 23:11:11 [INFO] No DRC violations found
2026-05-18 23:11:11 [INFO] Running: klayout -b -r /usr/local/lib/python3.9/site-packages/cf_precheck/drc_scripts/sky130A_mr.drc -rd input=/tmp/tmpmoj48otr/repo/gds/user_project_wrapper.gds -rd topcell=user_project_wrapper -rd report=/tmp/tmpmoj48otr/repo/precheck_results/18_MAY_2026___22_59_19/outputs/reports/klayout_beol_check.xml -rd thr=2 -rd beol=true
2026-05-18 23:40:22 [ERROR] 136 DRC violations. See /tmp/tmpmoj48otr/repo/precheck_results/18_MAY_2026___22_59_19/outputs/reports/klayout_beol_check.xml
2026-05-18 23:40:22 [INFO] Running: klayout -b -r /usr/local/lib/python3.9/site-packages/cf_precheck/drc_scripts/sky130A_mr.drc -rd input=/tmp/tmpmoj48otr/repo/gds/user_project_wrapper.gds -rd topcell=user_project_wrapper -rd report=/tmp/tmpmoj48otr/repo/precheck_results/18_MAY_2026___22_59_19/outputs/reports/klayout_offgrid_check.xml -rd thr=2 -rd offgrid=true
2026-05-18 23:46:50 [INFO] No DRC violations found
2026-05-18 23:46:50 [INFO] Running: klayout -b -r /usr/local/lib/python3.9/site-packages/cf_precheck/drc_scripts/met_min_ca_density.lydrc -rd input=/tmp/tmpmoj48otr/repo/gds/user_project_wrapper.gds -rd topcell=user_project_wrapper -rd report=/tmp/tmpmoj48otr/repo/precheck_results/18_MAY_2026___22_59_19/outputs/reports/klayout_met_min_ca_density_check.xml -rd thr=2
2026-05-18 23:48:42 [INFO] No DRC violations found
2026-05-18 23:48:42 [INFO] Running: klayout -b -r /usr/local/lib/python3.9/site-packages/cf_precheck/drc_scripts/pin_label_purposes_overlapping_drawing.rb.drc -rd input=/tmp/tmpmoj48otr/repo/gds/user_project_wrapper.gds -rd topcell=user_project_wrapper -rd report=/tmp/tmpmoj48otr/repo/precheck_results/18_MAY_2026___22_59_19/outputs/reports/klayout_pin_label_purposes_overlapping_drawing_check.xml -rd thr=2 -rd top_cell_name=user_project_wrapper
2026-05-18 23:49:49 [INFO] No DRC violations found
2026-05-18 23:49:49 [INFO] Running: klayout -b -r /usr/local/lib/python3.9/site-packages/cf_precheck/drc_scripts/zeroarea.rb.drc -rd input=/tmp/tmpmoj48otr/repo/gds/user_project_wrapper.gds -rd topcell=user_project_wrapper -rd report=/tmp/tmpmoj48otr/repo/precheck_results/18_MAY_2026___22_59_19/outputs/reports/klayout_zeroarea_check.xml -rd thr=2 -rd cleaned_output=/tmp/tmpmoj48otr/repo/precheck_results/18_MAY_2026___22_59_19/outputs/user_project_wrapper_no_zero_areas.gds
2026-05-18 23:50:08 [INFO] No DRC violations found
2026-05-18 23:50:08 [INFO] Running: bash /usr/local/lib/python3.9/site-packages/cf_precheck/drc_scripts/gdsArea0 -V -m /tmp/tmpmoj48otr/repo/precheck_results/18_MAY_2026___22_59_19/outputs/reports/spike_check.xml /tmp/tmpmoj48otr/repo/gds/user_project_wrapper.gds
2026-05-18 23:50:27 [INFO] No spikes found
2026-05-18 23:50:32 [ERROR] LVS FAILED: could not find LVS configuration file /tmp/tmpmoj48otr/repo/lvs/user_project_wrapper/lvs_config.json
2026-05-18 23:50:32 [ERROR] OEB FAILED: could not find LVS configuration file /tmp/tmpmoj48otr/repo/lvs/user_project_wrapper/lvs_config.json
